******************************************************************************
  TMS320C2000 Evaluation Linker PC v5.2.1                      
******************************************************************************
>> Linked Wed Nov 06 13:30:57 2013

OUTPUT FILE NAME:   <./Flash/inverter_new.out>
ENTRY POINT SYMBOL: "_c_int00"  address: 003f4dbe


MEMORY CONFIGURATION

         name            origin    length      used     unused   attr    fill
----------------------  --------  ---------  --------  --------  ----  --------
PAGE 0:
  RAMM0                 00000002   000003fe  00000000  000003fe  RWIX
  RAML0                 00008000   00001000  0000001b  00000fe5  RWIX
  OTP                   003d7800   00000800  00000000  00000800  RWIX
  FLASHD                003e8000   00004000  00000000  00004000  RWIX
  FLASHC                003ec000   00004000  000000fa  00003f06  RWIX
  FLASHA                003f4000   00003f80  00001256  00002d2a  RWIX
  CSM_RSVD              003f7f80   00000076  00000000  00000076  RWIX
  BEGIN                 003f7ff6   00000002  00000002  00000000  RWIX
  CSM_PWL               003f7ff8   00000008  00000000  00000008  RWIX
  PRAMH0                003fa000   00001800  00000000  00001800  RWIX
  ROM                   003ff000   00000fc0  00000b50  00000470  RWIX
  RESET                 003fffc0   00000002  00000000  00000002  RWIX
  VECTORS               003fffc2   0000003e  00000000  0000003e  RWIX

PAGE 1:
  RAMM1                 00000400   00000400  00000400  00000000  RWIX
  DEV_EMU               00000880   00000180  000000d0  000000b0  RWIX
  FLASH_REGS            00000a80   00000060  00000008  00000058  RWIX
  CSM                   00000ae0   00000010  00000010  00000000  RWIX
  ADC_MIRROR            00000b00   00000010  00000010  00000000  RWIX
  CPU_TIMER0            00000c00   00000008  00000008  00000000  RWIX
  CPU_TIMER1            00000c08   00000008  00000008  00000000  RWIX
  CPU_TIMER2            00000c10   00000008  00000008  00000000  RWIX
  PIE_CTRL              00000ce0   00000020  0000001a  00000006  RWIX
  PIE_VECT              00000d00   00000100  00000100  00000000  RWIX
  ECANA                 00006000   00000040  00000034  0000000c  RWIX
  ECANA_LAM             00006040   00000040  00000040  00000000  RWIX
  ECANA_MOTS            00006080   00000040  00000040  00000000  RWIX
  ECANA_MOTO            000060c0   00000040  00000040  00000000  RWIX
  ECANA_MBOX            00006100   00000100  00000100  00000000  RWIX
  ECANB                 00006200   00000040  00000034  0000000c  RWIX
  ECANB_LAM             00006240   00000040  00000040  00000000  RWIX
  ECANB_MOTS            00006280   00000040  00000040  00000000  RWIX
  ECANB_MOTO            000062c0   00000040  00000040  00000000  RWIX
  ECANB_MBOX            00006300   00000100  00000100  00000000  RWIX
  EPWM1                 00006800   00000022  00000022  00000000  RWIX
  EPWM2                 00006840   00000022  00000022  00000000  RWIX
  EPWM3                 00006880   00000022  00000022  00000000  RWIX
  EPWM4                 000068c0   00000022  00000022  00000000  RWIX
  EPWM5                 00006900   00000022  00000022  00000000  RWIX
  EPWM6                 00006940   00000022  00000022  00000000  RWIX
  ECAP1                 00006a00   00000020  00000020  00000000  RWIX
  ECAP2                 00006a20   00000020  00000020  00000000  RWIX
  ECAP3                 00006a40   00000020  00000020  00000000  RWIX
  ECAP4                 00006a60   00000020  00000020  00000000  RWIX
  EQEP1                 00006b00   00000040  00000040  00000000  RWIX
  EQEP2                 00006b40   00000040  00000040  00000000  RWIX
  GPIOCTRL              00006f80   00000040  00000040  00000000  RWIX
  GPIODAT               00006fc0   00000020  00000020  00000000  RWIX
  GPIOINT               00006fe0   00000020  0000000a  00000016  RWIX
  SYSTEM                00007010   00000020  00000020  00000000  RWIX
  SPIA                  00007040   00000010  00000010  00000000  RWIX
  SCIA                  00007050   00000010  00000010  00000000  RWIX
  XINTRUPT              00007070   00000010  00000010  00000000  RWIX
  ADC                   00007100   00000020  0000001e  00000002  RWIX
  SPIB                  00007740   00000010  00000010  00000000  RWIX
  SCIB                  00007750   00000010  00000010  00000000  RWIX
  SPIC                  00007760   00000010  00000010  00000000  RWIX
  SPID                  00007780   00000010  00000010  00000000  RWIX
  I2CA                  00007900   00000040  00000022  0000001e  RWIX
  CSM_PWL               003f7ff8   00000008  00000008  00000000  RWIX
  DRAMH0                003fb800   00000600  00000470  00000190  RWIX


SECTION ALLOCATION MAP

 output                                  attributes/
section   page    origin      length       input sections
--------  ----  ----------  ----------   ----------------
.pinit     0    003f4000    00000000     UNINITIALIZED

IQmath     0    003ec000    000000fa     
                  003ec000    00000047     IQmath.lib : IQ19div.obj (IQmath)
                  003ec047    00000042                : IQ19sqrt.obj (IQmath)
                  003ec089    00000031                : IQ19sin.obj (IQmath)
                  003ec0ba    0000002f                : IQ19cos.obj (IQmath)
                  003ec0e9    00000011                : IQ19mpyI32int.obj (IQmath)

.text      0    003f4000    00000ef4     
                  003f4000    0000084a     main.obj (.text)
                  003f484a    0000042e     dsp280x_compact.lib : DSP280x_SWPrioritizedDefaultIsr.obj (.text)
                  003f4c78    000000c3                         : DSP280x_SysCtrl.obj (.text)
                  003f4d3b    00000083     rts2800_ml.lib : fd_mpy.obj (.text)
                  003f4dbe    00000044                    : boot.obj (.text)
                  003f4e02    0000002a                    : l_div.obj (.text)
                  003f4e2c    00000028     dsp280x_compact.lib : DSP280x_PieCtrl.obj (.text)
                  003f4e54    00000020                         : DSP280x_PieVect.obj (.text)
                  003f4e74    0000001f     rts2800_ml.lib : fd_tol.obj (.text)
                  003f4e93    0000001c                    : l_tofd.obj (.text)
                  003f4eaf    0000001b                    : args_main.obj (.text)
                  003f4eca    00000019                    : exit.obj (.text)
                  003f4ee3    00000009                    : _lock.obj (.text)
                  003f4eec    00000008     DSP280x_CodeStartBranch.obj (.text)

.cinit     0    003f4ef4    00000243     
                  003f4ef4    0000022d     main.obj (.cinit)
                  003f5121    0000000a     rts2800_ml.lib : _lock.obj (.cinit)
                  003f512b    0000000a                    : exit.obj (.cinit)
                  003f5135    00000002     --HOLE-- [fill = 0]

.econst    0    003f5138    00000104     
                  003f5138    00000100     dsp280x_compact.lib : DSP280x_PieVect.obj (.econst)
                  003f5238    00000004     main.obj (.econst)

ramfuncs   0    003f523c    0000001b     RUN ADDR = 00008000
                  003f523c    0000001b     dsp280x_compact.lib : DSP280x_SysCtrl.obj (ramfuncs)

codestart 
*          0    003f7ff6    00000002     
                  003f7ff6    00000002     DSP280x_CodeStartBranch.obj (codestart)

IQmathTables 
*          0    003ff000    00000b50     NOLOAD SECTION
                  003ff000    00000b50     IQmath.lib : IQmathTables.obj (IQmathTables)

.reset     0    003fffc0    00000002     DSECT
                  003fffc0    00000002     rts2800_ml.lib : boot.obj (.reset)

vectors    0    003fffc2    00000000     DSECT

.stack     1    00000400    00000400     UNINITIALIZED
                  00000400    00000400     --HOLE--

DevEmuRegsFile 
*          1    00000880    000000d0     UNINITIALIZED
                  00000880    000000d0     dsp280x_compact.lib : DSP280x_GlobalVariableDefs.obj (DevEmuRegsFile)

FlashRegsFile 
*          1    00000a80    00000008     UNINITIALIZED
                  00000a80    00000008     dsp280x_compact.lib : DSP280x_GlobalVariableDefs.obj (FlashRegsFile)

CsmRegsFile 
*          1    00000ae0    00000010     UNINITIALIZED
                  00000ae0    00000010     dsp280x_compact.lib : DSP280x_GlobalVariableDefs.obj (CsmRegsFile)

AdcMirrorFile 
*          1    00000b00    00000010     UNINITIALIZED
                  00000b00    00000010     dsp280x_compact.lib : DSP280x_GlobalVariableDefs.obj (AdcMirrorFile)

CpuTimer0RegsFile 
*          1    00000c00    00000008     UNINITIALIZED
                  00000c00    00000008     dsp280x_compact.lib : DSP280x_GlobalVariableDefs.obj (CpuTimer0RegsFile)

CpuTimer1RegsFile 
*          1    00000c08    00000008     UNINITIALIZED
                  00000c08    00000008     dsp280x_compact.lib : DSP280x_GlobalVariableDefs.obj (CpuTimer1RegsFile)

CpuTimer2RegsFile 
*          1    00000c10    00000008     UNINITIALIZED
                  00000c10    00000008     dsp280x_compact.lib : DSP280x_GlobalVariableDefs.obj (CpuTimer2RegsFile)

PieCtrlRegsFile 
*          1    00000ce0    0000001a     UNINITIALIZED
                  00000ce0    0000001a     dsp280x_compact.lib : DSP280x_GlobalVariableDefs.obj (PieCtrlRegsFile)

PieVectTableFile 
*          1    00000d00    00000100     UNINITIALIZED
                  00000d00    00000100     dsp280x_compact.lib : DSP280x_GlobalVariableDefs.obj (PieVectTableFile)

ECanaRegsFile 
*          1    00006000    00000034     UNINITIALIZED
                  00006000    00000034     dsp280x_compact.lib : DSP280x_GlobalVariableDefs.obj (ECanaRegsFile)

ECanaLAMRegsFile 
*          1    00006040    00000040     UNINITIALIZED
                  00006040    00000040     dsp280x_compact.lib : DSP280x_GlobalVariableDefs.obj (ECanaLAMRegsFile)

ECanaMOTSRegsFile 
*          1    00006080    00000040     UNINITIALIZED
                  00006080    00000040     dsp280x_compact.lib : DSP280x_GlobalVariableDefs.obj (ECanaMOTSRegsFile)

ECanaMOTORegsFile 
*          1    000060c0    00000040     UNINITIALIZED
                  000060c0    00000040     dsp280x_compact.lib : DSP280x_GlobalVariableDefs.obj (ECanaMOTORegsFile)

ECanaMboxesFile 
*          1    00006100    00000100     UNINITIALIZED
                  00006100    00000100     dsp280x_compact.lib : DSP280x_GlobalVariableDefs.obj (ECanaMboxesFile)

ECanbRegsFile 
*          1    00006200    00000034     UNINITIALIZED
                  00006200    00000034     dsp280x_compact.lib : DSP280x_GlobalVariableDefs.obj (ECanbRegsFile)

ECanbLAMRegsFile 
*          1    00006240    00000040     UNINITIALIZED
                  00006240    00000040     dsp280x_compact.lib : DSP280x_GlobalVariableDefs.obj (ECanbLAMRegsFile)

ECanbMOTSRegsFile 
*          1    00006280    00000040     UNINITIALIZED
                  00006280    00000040     dsp280x_compact.lib : DSP280x_GlobalVariableDefs.obj (ECanbMOTSRegsFile)

ECanbMOTORegsFile 
*          1    000062c0    00000040     UNINITIALIZED
                  000062c0    00000040     dsp280x_compact.lib : DSP280x_GlobalVariableDefs.obj (ECanbMOTORegsFile)

ECanbMboxesFile 
*          1    00006300    00000100     UNINITIALIZED
                  00006300    00000100     dsp280x_compact.lib : DSP280x_GlobalVariableDefs.obj (ECanbMboxesFile)

EPwm1RegsFile 
*          1    00006800    00000022     UNINITIALIZED
                  00006800    00000022     dsp280x_compact.lib : DSP280x_GlobalVariableDefs.obj (EPwm1RegsFile)

EPwm2RegsFile 
*          1    00006840    00000022     UNINITIALIZED
                  00006840    00000022     dsp280x_compact.lib : DSP280x_GlobalVariableDefs.obj (EPwm2RegsFile)

EPwm3RegsFile 
*          1    00006880    00000022     UNINITIALIZED
                  00006880    00000022     dsp280x_compact.lib : DSP280x_GlobalVariableDefs.obj (EPwm3RegsFile)

EPwm4RegsFile 
*          1    000068c0    00000022     UNINITIALIZED
                  000068c0    00000022     dsp280x_compact.lib : DSP280x_GlobalVariableDefs.obj (EPwm4RegsFile)

EPwm5RegsFile 
*          1    00006900    00000022     UNINITIALIZED
                  00006900    00000022     dsp280x_compact.lib : DSP280x_GlobalVariableDefs.obj (EPwm5RegsFile)

EPwm6RegsFile 
*          1    00006940    00000022     UNINITIALIZED
                  00006940    00000022     dsp280x_compact.lib : DSP280x_GlobalVariableDefs.obj (EPwm6RegsFile)

ECap1RegsFile 
*          1    00006a00    00000020     UNINITIALIZED
                  00006a00    00000020     dsp280x_compact.lib : DSP280x_GlobalVariableDefs.obj (ECap1RegsFile)

ECap2RegsFile 
*          1    00006a20    00000020     UNINITIALIZED
                  00006a20    00000020     dsp280x_compact.lib : DSP280x_GlobalVariableDefs.obj (ECap2RegsFile)

ECap3RegsFile 
*          1    00006a40    00000020     UNINITIALIZED
                  00006a40    00000020     dsp280x_compact.lib : DSP280x_GlobalVariableDefs.obj (ECap3RegsFile)

ECap4RegsFile 
*          1    00006a60    00000020     UNINITIALIZED
                  00006a60    00000020     dsp280x_compact.lib : DSP280x_GlobalVariableDefs.obj (ECap4RegsFile)

EQep1RegsFile 
*          1    00006b00    00000040     UNINITIALIZED
                  00006b00    00000040     dsp280x_compact.lib : DSP280x_GlobalVariableDefs.obj (EQep1RegsFile)

EQep2RegsFile 
*          1    00006b40    00000040     UNINITIALIZED
                  00006b40    00000040     dsp280x_compact.lib : DSP280x_GlobalVariableDefs.obj (EQep2RegsFile)

GpioCtrlRegsFile 
*          1    00006f80    00000040     UNINITIALIZED
                  00006f80    00000040     dsp280x_compact.lib : DSP280x_GlobalVariableDefs.obj (GpioCtrlRegsFile)

GpioDataRegsFile 
*          1    00006fc0    00000020     UNINITIALIZED
                  00006fc0    00000020     dsp280x_compact.lib : DSP280x_GlobalVariableDefs.obj (GpioDataRegsFile)

GpioIntRegsFile 
*          1    00006fe0    0000000a     UNINITIALIZED
                  00006fe0    0000000a     dsp280x_compact.lib : DSP280x_GlobalVariableDefs.obj (GpioIntRegsFile)

SysCtrlRegsFile 
*          1    00007010    00000020     UNINITIALIZED
                  00007010    00000020     dsp280x_compact.lib : DSP280x_GlobalVariableDefs.obj (SysCtrlRegsFile)

SpiaRegsFile 
*          1    00007040    00000010     UNINITIALIZED
                  00007040    00000010     dsp280x_compact.lib : DSP280x_GlobalVariableDefs.obj (SpiaRegsFile)

SciaRegsFile 
*          1    00007050    00000010     UNINITIALIZED
                  00007050    00000010     dsp280x_compact.lib : DSP280x_GlobalVariableDefs.obj (SciaRegsFile)

XIntruptRegsFile 
*          1    00007070    00000010     UNINITIALIZED
                  00007070    00000010     dsp280x_compact.lib : DSP280x_GlobalVariableDefs.obj (XIntruptRegsFile)

AdcRegsFile 
*          1    00007100    0000001e     UNINITIALIZED
                  00007100    0000001e     dsp280x_compact.lib : DSP280x_GlobalVariableDefs.obj (AdcRegsFile)

SpibRegsFile 
*          1    00007740    00000010     UNINITIALIZED
                  00007740    00000010     dsp280x_compact.lib : DSP280x_GlobalVariableDefs.obj (SpibRegsFile)

ScibRegsFile 
*          1    00007750    00000010     UNINITIALIZED
                  00007750    00000010     dsp280x_compact.lib : DSP280x_GlobalVariableDefs.obj (ScibRegsFile)

SpicRegsFile 
*          1    00007760    00000010     UNINITIALIZED
                  00007760    00000010     dsp280x_compact.lib : DSP280x_GlobalVariableDefs.obj (SpicRegsFile)

SpidRegsFile 
*          1    00007780    00000010     UNINITIALIZED
                  00007780    00000010     dsp280x_compact.lib : DSP280x_GlobalVariableDefs.obj (SpidRegsFile)

I2caRegsFile 
*          1    00007900    00000022     UNINITIALIZED
                  00007900    00000022     dsp280x_compact.lib : DSP280x_GlobalVariableDefs.obj (I2caRegsFile)

CsmPwlFile 
*          1    003f7ff8    00000008     UNINITIALIZED
                  003f7ff8    00000008     dsp280x_compact.lib : DSP280x_GlobalVariableDefs.obj (CsmPwlFile)

.ebss      1    003fb800    00000470     UNINITIALIZED
                  003fb800    00000468     main.obj (.ebss)
                  003fbc68    00000004     rts2800_ml.lib : _lock.obj (.ebss)
                  003fbc6c    00000004                    : exit.obj (.ebss)


GLOBAL SYMBOLS: SORTED ALPHABETICALLY BY Name 

address    name
--------   ----
003f4000   .text
003f4eca   C$$EXIT
003f4d3b   FD$$MPY
003f4e74   FD$$TOL
003f4e02   L$$DIV
003f4e11   L$$MOD
003f4e93   L$$TOFD
003f4e1f   UL$$DIV
003f4e26   UL$$MOD
003f4917   _ADCINT_ISR
003fb8d8   _ADC_base_iq
003fb8d2   _ADC_fk_iq
003fb8de   _ADC_in_iq
003fb8cc   _ADC_out_iq
003fb8e4   _ADC_res_corr
003f42fd   _ADCsampling
00000b00   _AdcMirror
00007100   _AdcRegs
00000c00   _CpuTimer0Regs
00000c08   _CpuTimer1Regs
00000c10   _CpuTimer2Regs
003f7ff8   _CsmPwl
00000ae0   _CsmRegs
003f485a   _DATALOG_ISR
00000880   _DevEmuRegs
003f4c8a   _DisableDog
003f4c0e   _ECAN0INTA_ISR
003f4c38   _ECAN0INTB_ISR
003f4c23   _ECAN1INTA_ISR
003f4c4e   _ECAN1INTB_ISR
003f4a5c   _ECAP1_INT_ISR
003f4a72   _ECAP2_INT_ISR
003f4a87   _ECAP3_INT_ISR
003f4a9d   _ECAP4_INT_ISR
00006040   _ECanaLAMRegs
000060c0   _ECanaMOTORegs
00006080   _ECanaMOTSRegs
00006100   _ECanaMboxes
00006000   _ECanaRegs
00006240   _ECanbLAMRegs
000062c0   _ECanbMOTORegs
00006280   _ECanbMOTSRegs
00006300   _ECanbMboxes
00006200   _ECanbRegs
00006a00   _ECap1Regs
00006a20   _ECap2Regs
00006a40   _ECap3Regs
00006a60   _ECap4Regs
003f4c64   _EMPTY_ISR
003f486a   _EMUINT_ISR
003f49db   _EPWM1_INT_ISR
003f4958   _EPWM1_TZINT_ISR
003f49f1   _EPWM2_INT_ISR
003f496e   _EPWM2_TZINT_ISR
003f4a06   _EPWM3_INT_ISR
003f4984   _EPWM3_TZINT_ISR
003f4a1b   _EPWM4_INT_ISR
003f499a   _EPWM4_TZINT_ISR
003f4a31   _EPWM5_INT_ISR
003f49af   _EPWM5_TZINT_ISR
003f4a47   _EPWM6_INT_ISR
003f49c5   _EPWM6_TZINT_ISR
00006800   _EPwm1Regs
00006840   _EPwm2Regs
00006880   _EPwm3Regs
000068c0   _EPwm4Regs
00006900   _EPwm5Regs
00006940   _EPwm6Regs
003f4ab3   _EQEP1_INT_ISR
003f4ac9   _EQEP2_INT_ISR
00006b00   _EQep1Regs
00006b40   _EQep2Regs
003f4e4b   _EnableInterrupts
003fb804   _Flag_P
00000a80   _FlashRegs
00006f80   _GpioCtrlRegs
00006fc0   _GpioDataRegs
00006fe0   _GpioIntRegs
003f4b8c   _I2CINT1A_ISR
003f4ba1   _I2CINT2A_ISR
00007900   _I2caRegs
003f4876   _ILLEGAL_ISR
003f484a   _INT13_ISR
003f4852   _INT14_ISR
003f4c6e   _INT_NOTUSED_ISR
003ffad8   _IQ10mpyRndSatTable
003ffacc   _IQ11mpyRndSatTable
003ffac0   _IQ12mpyRndSatTable
003ffab4   _IQ13mpyRndSatTable
003ffaa8   _IQ14mpyRndSatTable
003ffa9c   _IQ15mpyRndSatTable
003ffa90   _IQ16mpyRndSatTable
003ffa84   _IQ17mpyRndSatTable
003ffa78   _IQ18mpyRndSatTable
003ffa6c   _IQ19mpyRndSatTable
003ffb44   _IQ1mpyRndSatTable
003ffa60   _IQ20mpyRndSatTable
003ffa54   _IQ21mpyRndSatTable
003ffa48   _IQ22mpyRndSatTable
003ffa3c   _IQ23mpyRndSatTable
003ffa30   _IQ24mpyRndSatTable
003ffa24   _IQ25mpyRndSatTable
003ffa18   _IQ26mpyRndSatTable
003ffa0c   _IQ27mpyRndSatTable
003ffa00   _IQ28mpyRndSatTable
003ff9f4   _IQ29mpyRndSatTable
003ffb38   _IQ2mpyRndSatTable
003ff9e8   _IQ30mpyRndSatTable
003ffb2c   _IQ3mpyRndSatTable
003ffb20   _IQ4mpyRndSatTable
003ffb14   _IQ5mpyRndSatTable
003ffb08   _IQ6mpyRndSatTable
003ffafc   _IQ7mpyRndSatTable
003ffaf0   _IQ8mpyRndSatTable
003ffae4   _IQ9mpyRndSatTable
003ff824   _IQatan2HalfPITable
003ff862   _IQatan2Table
003ff9e8   _IQatan2TableEnd
003ff100   _IQcosTable
003ff502   _IQcosTableEnd
003ff502   _IQdivRoundSatTable
003ff510   _IQdivTable
003ff712   _IQdivTableEnd
003ff712   _IQisqrtRoundSatTable
003ff722   _IQisqrtTable
003ff824   _IQisqrtTableEnd
003ff9e8   _IQmpyRndSatTable
003ffb50   _IQmpyRndSatTableEnd
003ff000   _IQsinTable
003ff400   _IQsinTableEnd
003ff712   _IQsqrtRoundSatTable
003ff722   _IQsqrtTable
003ff824   _IQsqrtTableEnd
00008000   _InitFlash
003f4cb9   _InitPeripheralClocks
003f4e2c   _InitPieCtrl
003f4e54   _InitPieVectTable
003f4c92   _InitPll
003f4c78   _InitSysCtrl
003fb886   _K1
003fb884   _K2
003f4c80   _KickDog
003f4870   _NMI_ISR
003f4c69   _PIE_RESERVED
00000ce0   _PieCtrlRegs
00000d00   _PieVectTable
003f5138   _PieVectTableInit
003fb894   _RESULT0
003fb890   _RESULT1
003fb892   _RESULT2
003fb896   _RESULT3
003f4862   _RTOSINT_ISR
003f5257   _RamfuncsLoadEnd
003f523c   _RamfuncsLoadStart
00008000   _RamfuncsRunStart
003f4bb7   _SCIRXINTA_ISR
003f4be2   _SCIRXINTB_ISR
003f4bcc   _SCITXINTA_ISR
003f4bf8   _SCITXINTB_ISR
003f48c4   _SEQ1INT_ISR
003f48da   _SEQ2INT_ISR
003f4ade   _SPIRXINTA_ISR
003f4b09   _SPIRXINTB_ISR
003f4b35   _SPIRXINTC_ISR
003f4b60   _SPIRXINTD_ISR
003f4af4   _SPITXINTA_ISR
003f4b1f   _SPITXINTB_ISR
003f4b4b   _SPITXINTC_ISR
003f4b76   _SPITXINTD_ISR
00007050   _SciaRegs
00007750   _ScibRegs
00007040   _SpiaRegs
00007740   _SpibRegs
00007760   _SpicRegs
00007780   _SpidRegs
00007010   _SysCtrlRegs
003f492d   _TINT0_ISR
003fb882   _Ts
003f48b2   _USER10_ISR
003f48b8   _USER11_ISR
003f48be   _USER12_ISR
003f487c   _USER1_ISR
003f4882   _USER2_ISR
003f4888   _USER3_ISR
003f488e   _USER4_ISR
003f4894   _USER5_ISR
003f489a   _USER6_ISR
003f48a0   _USER7_ISR
003f48a6   _USER8_ISR
003f48ac   _USER9_ISR
003f4942   _WAKEINT_ISR
003f48f0   _XINT1_ISR
003f4903   _XINT2_ISR
00007070   _XIntruptRegs
003ec0ba   __IQ19cos
003ec000   __IQ19div
003ec0e9   __IQ19mpyI32int
003ec089   __IQ19sin
003ec047   __IQ19sqrt
00000800   __STACK_END
00000400   __STACK_SIZE
00000001   __TI_args_main
ffffffff   ___binit__
ffffffff   ___c_args__
003f4ef4   ___cinit__
003f4ef4   ___etext__
ffffffff   ___pinit__
003f4000   ___text__
003f4eaf   __args_main
003fbc6c   __cleanup_ptr
003fbc6e   __dtors_ptr
003fbc6a   __lock
003f4eeb   __nop
003f4ee7   __register_lock
003f4ee3   __register_unlock
00000400   __stack
003fbc68   __unlock
003fb8b0   _a11
003fb8b6   _a12
003fb8b8   _a13
003fb8b4   _a21
003fb8b2   _a22
003fb8c2   _a23
003fb8be   _a31
003fb8c0   _a32
003fb8ba   _a33
003f45ff   _ab_dq
003f4eca   _abort
003fb8bc   _b1
003fb8a2   _b2
003fb89e   _b3
003fb8a0   _c1
003fb89c   _c2
003fb898   _c3
003f4dbe   _c_int00
003f42a5   _control_run
003fb89a   _d
003fb858   _db_delay
003fb81e   _dcounter
003fb85a   _dead_band
003f4502   _digital_filter
003fb818   _dq
003f473c   _dq_control
003fb87c   _dq_vdc_error
003fb870   _dq_vdc_int
003fb876   _dq_vdc_pi
003fb872   _dq_vdc_ref
003f42c5   _ePWM_init
003f4ecc   _exit
003f4459   _gate_drivers
003fb806   _half_period
003fb8a8   _i_x1
003fb8a4   _i_x2
003fb8a6   _i_x3
003fbb00   _iac_delay
003fba40   _iac_filter_delay
003fb824   _iac_filtered
003fb822   _iac_meas
003fb83a   _iac_rms
003fb86a   _id
003fb81a   _id_corr
003fb820   _id_corr_scale
003fb874   _id_error
003fb84a   _id_int
003fb848   _id_pi
003fb844   _igbt_control_neg
003fb846   _igbt_control_pos
003fb868   _iq
003fb816   _iq_corr
003fb814   _iq_corr_scale
003fb84e   _iq_error
003fb84c   _iq_int
003fb842   _iq_pi
003fb88a   _irms_corr_delay
003fb900   _irms_delay
003fb88c   _irms_int_output
003f4000   _main
003fb800   _period
003fb81c   _pi
003fb80a   _pi2
003fb808   _pi2f
003fb812   _pi2fL
003f46db   _pi_control
003f45d0   _pi_controller
003fb834   _pi_iac_error
003fb810   _pi_iac_int
003fb80e   _pi_iac_pi
003fb82a   _pi_result
003fb830   _pi_vac_scale
003fb836   _pi_vac_scale_factor
003fb838   _pi_vdc_error
003fb83c   _pi_vdc_int
003fb832   _pi_vdc_pi
003fb83e   _pi_vdc_ref
003f4639   _pll
003fb866   _pll_int
003fb87a   _pll_int_error
003fb864   _pll_pi
003fb862   _pll_pi_error
003fb805   _prot_toggle
003f42e5   _protection
003fb80c   _res
003f4497   _rms
003fb801   _rms_cycle_counter
003fb802   _rms_data_counter
003f4c73   _rsvd_ISR
003fb803   _state
003fb840   _v_cont
003fb8ae   _v_x1
003fb8aa   _v_x2
003fb8ac   _v_x3
003fb87e   _vac_angle
003fb878   _vac_angle_int
003fb980   _vac_delay
003fbbc0   _vac_filter_delay
003fb82e   _vac_filtered
003fb828   _vac_meas
003fb82c   _vac_rms
003fb86e   _vd
003fb826   _vdc_meas
003fb86c   _vq
003fb860   _vq_ref
003fb888   _vrms_corr_delay
003fb940   _vrms_delay
003fb88e   _vrms_int_output
ffffffff   binit
003f4ef4   cinit
003f7ff6   code_start
003f4ef4   etext
ffffffff   pinit


GLOBAL SYMBOLS: SORTED BY Symbol Address 

address    name
--------   ----
00000001   __TI_args_main
00000400   __STACK_SIZE
00000400   __stack
00000800   __STACK_END
00000880   _DevEmuRegs
00000a80   _FlashRegs
00000ae0   _CsmRegs
00000b00   _AdcMirror
00000c00   _CpuTimer0Regs
00000c08   _CpuTimer1Regs
00000c10   _CpuTimer2Regs
00000ce0   _PieCtrlRegs
00000d00   _PieVectTable
00006000   _ECanaRegs
00006040   _ECanaLAMRegs
00006080   _ECanaMOTSRegs
000060c0   _ECanaMOTORegs
00006100   _ECanaMboxes
00006200   _ECanbRegs
00006240   _ECanbLAMRegs
00006280   _ECanbMOTSRegs
000062c0   _ECanbMOTORegs
00006300   _ECanbMboxes
00006800   _EPwm1Regs
00006840   _EPwm2Regs
00006880   _EPwm3Regs
000068c0   _EPwm4Regs
00006900   _EPwm5Regs
00006940   _EPwm6Regs
00006a00   _ECap1Regs
00006a20   _ECap2Regs
00006a40   _ECap3Regs
00006a60   _ECap4Regs
00006b00   _EQep1Regs
00006b40   _EQep2Regs
00006f80   _GpioCtrlRegs
00006fc0   _GpioDataRegs
00006fe0   _GpioIntRegs
00007010   _SysCtrlRegs
00007040   _SpiaRegs
00007050   _SciaRegs
00007070   _XIntruptRegs
00007100   _AdcRegs
00007740   _SpibRegs
00007750   _ScibRegs
00007760   _SpicRegs
00007780   _SpidRegs
00007900   _I2caRegs
00008000   _InitFlash
00008000   _RamfuncsRunStart
003ec000   __IQ19div
003ec047   __IQ19sqrt
003ec089   __IQ19sin
003ec0ba   __IQ19cos
003ec0e9   __IQ19mpyI32int
003f4000   .text
003f4000   ___text__
003f4000   _main
003f42a5   _control_run
003f42c5   _ePWM_init
003f42e5   _protection
003f42fd   _ADCsampling
003f4459   _gate_drivers
003f4497   _rms
003f4502   _digital_filter
003f45d0   _pi_controller
003f45ff   _ab_dq
003f4639   _pll
003f46db   _pi_control
003f473c   _dq_control
003f484a   _INT13_ISR
003f4852   _INT14_ISR
003f485a   _DATALOG_ISR
003f4862   _RTOSINT_ISR
003f486a   _EMUINT_ISR
003f4870   _NMI_ISR
003f4876   _ILLEGAL_ISR
003f487c   _USER1_ISR
003f4882   _USER2_ISR
003f4888   _USER3_ISR
003f488e   _USER4_ISR
003f4894   _USER5_ISR
003f489a   _USER6_ISR
003f48a0   _USER7_ISR
003f48a6   _USER8_ISR
003f48ac   _USER9_ISR
003f48b2   _USER10_ISR
003f48b8   _USER11_ISR
003f48be   _USER12_ISR
003f48c4   _SEQ1INT_ISR
003f48da   _SEQ2INT_ISR
003f48f0   _XINT1_ISR
003f4903   _XINT2_ISR
003f4917   _ADCINT_ISR
003f492d   _TINT0_ISR
003f4942   _WAKEINT_ISR
003f4958   _EPWM1_TZINT_ISR
003f496e   _EPWM2_TZINT_ISR
003f4984   _EPWM3_TZINT_ISR
003f499a   _EPWM4_TZINT_ISR
003f49af   _EPWM5_TZINT_ISR
003f49c5   _EPWM6_TZINT_ISR
003f49db   _EPWM1_INT_ISR
003f49f1   _EPWM2_INT_ISR
003f4a06   _EPWM3_INT_ISR
003f4a1b   _EPWM4_INT_ISR
003f4a31   _EPWM5_INT_ISR
003f4a47   _EPWM6_INT_ISR
003f4a5c   _ECAP1_INT_ISR
003f4a72   _ECAP2_INT_ISR
003f4a87   _ECAP3_INT_ISR
003f4a9d   _ECAP4_INT_ISR
003f4ab3   _EQEP1_INT_ISR
003f4ac9   _EQEP2_INT_ISR
003f4ade   _SPIRXINTA_ISR
003f4af4   _SPITXINTA_ISR
003f4b09   _SPIRXINTB_ISR
003f4b1f   _SPITXINTB_ISR
003f4b35   _SPIRXINTC_ISR
003f4b4b   _SPITXINTC_ISR
003f4b60   _SPIRXINTD_ISR
003f4b76   _SPITXINTD_ISR
003f4b8c   _I2CINT1A_ISR
003f4ba1   _I2CINT2A_ISR
003f4bb7   _SCIRXINTA_ISR
003f4bcc   _SCITXINTA_ISR
003f4be2   _SCIRXINTB_ISR
003f4bf8   _SCITXINTB_ISR
003f4c0e   _ECAN0INTA_ISR
003f4c23   _ECAN1INTA_ISR
003f4c38   _ECAN0INTB_ISR
003f4c4e   _ECAN1INTB_ISR
003f4c64   _EMPTY_ISR
003f4c69   _PIE_RESERVED
003f4c6e   _INT_NOTUSED_ISR
003f4c73   _rsvd_ISR
003f4c78   _InitSysCtrl
003f4c80   _KickDog
003f4c8a   _DisableDog
003f4c92   _InitPll
003f4cb9   _InitPeripheralClocks
003f4d3b   FD$$MPY
003f4dbe   _c_int00
003f4e02   L$$DIV
003f4e11   L$$MOD
003f4e1f   UL$$DIV
003f4e26   UL$$MOD
003f4e2c   _InitPieCtrl
003f4e4b   _EnableInterrupts
003f4e54   _InitPieVectTable
003f4e74   FD$$TOL
003f4e93   L$$TOFD
003f4eaf   __args_main
003f4eca   C$$EXIT
003f4eca   _abort
003f4ecc   _exit
003f4ee3   __register_unlock
003f4ee7   __register_lock
003f4eeb   __nop
003f4ef4   ___cinit__
003f4ef4   ___etext__
003f4ef4   cinit
003f4ef4   etext
003f5138   _PieVectTableInit
003f523c   _RamfuncsLoadStart
003f5257   _RamfuncsLoadEnd
003f7ff6   code_start
003f7ff8   _CsmPwl
003fb800   _period
003fb801   _rms_cycle_counter
003fb802   _rms_data_counter
003fb803   _state
003fb804   _Flag_P
003fb805   _prot_toggle
003fb806   _half_period
003fb808   _pi2f
003fb80a   _pi2
003fb80c   _res
003fb80e   _pi_iac_pi
003fb810   _pi_iac_int
003fb812   _pi2fL
003fb814   _iq_corr_scale
003fb816   _iq_corr
003fb818   _dq
003fb81a   _id_corr
003fb81c   _pi
003fb81e   _dcounter
003fb820   _id_corr_scale
003fb822   _iac_meas
003fb824   _iac_filtered
003fb826   _vdc_meas
003fb828   _vac_meas
003fb82a   _pi_result
003fb82c   _vac_rms
003fb82e   _vac_filtered
003fb830   _pi_vac_scale
003fb832   _pi_vdc_pi
003fb834   _pi_iac_error
003fb836   _pi_vac_scale_factor
003fb838   _pi_vdc_error
003fb83a   _iac_rms
003fb83c   _pi_vdc_int
003fb83e   _pi_vdc_ref
003fb840   _v_cont
003fb842   _iq_pi
003fb844   _igbt_control_neg
003fb846   _igbt_control_pos
003fb848   _id_pi
003fb84a   _id_int
003fb84c   _iq_int
003fb84e   _iq_error
003fb858   _db_delay
003fb85a   _dead_band
003fb860   _vq_ref
003fb862   _pll_pi_error
003fb864   _pll_pi
003fb866   _pll_int
003fb868   _iq
003fb86a   _id
003fb86c   _vq
003fb86e   _vd
003fb870   _dq_vdc_int
003fb872   _dq_vdc_ref
003fb874   _id_error
003fb876   _dq_vdc_pi
003fb878   _vac_angle_int
003fb87a   _pll_int_error
003fb87c   _dq_vdc_error
003fb87e   _vac_angle
003fb882   _Ts
003fb884   _K2
003fb886   _K1
003fb888   _vrms_corr_delay
003fb88a   _irms_corr_delay
003fb88c   _irms_int_output
003fb88e   _vrms_int_output
003fb890   _RESULT1
003fb892   _RESULT2
003fb894   _RESULT0
003fb896   _RESULT3
003fb898   _c3
003fb89a   _d
003fb89c   _c2
003fb89e   _b3
003fb8a0   _c1
003fb8a2   _b2
003fb8a4   _i_x2
003fb8a6   _i_x3
003fb8a8   _i_x1
003fb8aa   _v_x2
003fb8ac   _v_x3
003fb8ae   _v_x1
003fb8b0   _a11
003fb8b2   _a22
003fb8b4   _a21
003fb8b6   _a12
003fb8b8   _a13
003fb8ba   _a33
003fb8bc   _b1
003fb8be   _a31
003fb8c0   _a32
003fb8c2   _a23
003fb8cc   _ADC_out_iq
003fb8d2   _ADC_fk_iq
003fb8d8   _ADC_base_iq
003fb8de   _ADC_in_iq
003fb8e4   _ADC_res_corr
003fb900   _irms_delay
003fb940   _vrms_delay
003fb980   _vac_delay
003fba40   _iac_filter_delay
003fbb00   _iac_delay
003fbbc0   _vac_filter_delay
003fbc68   __unlock
003fbc6a   __lock
003fbc6c   __cleanup_ptr
003fbc6e   __dtors_ptr
003ff000   _IQsinTable
003ff100   _IQcosTable
003ff400   _IQsinTableEnd
003ff502   _IQcosTableEnd
003ff502   _IQdivRoundSatTable
003ff510   _IQdivTable
003ff712   _IQdivTableEnd
003ff712   _IQisqrtRoundSatTable
003ff712   _IQsqrtRoundSatTable
003ff722   _IQisqrtTable
003ff722   _IQsqrtTable
003ff824   _IQatan2HalfPITable
003ff824   _IQisqrtTableEnd
003ff824   _IQsqrtTableEnd
003ff862   _IQatan2Table
003ff9e8   _IQ30mpyRndSatTable
003ff9e8   _IQatan2TableEnd
003ff9e8   _IQmpyRndSatTable
003ff9f4   _IQ29mpyRndSatTable
003ffa00   _IQ28mpyRndSatTable
003ffa0c   _IQ27mpyRndSatTable
003ffa18   _IQ26mpyRndSatTable
003ffa24   _IQ25mpyRndSatTable
003ffa30   _IQ24mpyRndSatTable
003ffa3c   _IQ23mpyRndSatTable
003ffa48   _IQ22mpyRndSatTable
003ffa54   _IQ21mpyRndSatTable
003ffa60   _IQ20mpyRndSatTable
003ffa6c   _IQ19mpyRndSatTable
003ffa78   _IQ18mpyRndSatTable
003ffa84   _IQ17mpyRndSatTable
003ffa90   _IQ16mpyRndSatTable
003ffa9c   _IQ15mpyRndSatTable
003ffaa8   _IQ14mpyRndSatTable
003ffab4   _IQ13mpyRndSatTable
003ffac0   _IQ12mpyRndSatTable
003ffacc   _IQ11mpyRndSatTable
003ffad8   _IQ10mpyRndSatTable
003ffae4   _IQ9mpyRndSatTable
003ffaf0   _IQ8mpyRndSatTable
003ffafc   _IQ7mpyRndSatTable
003ffb08   _IQ6mpyRndSatTable
003ffb14   _IQ5mpyRndSatTable
003ffb20   _IQ4mpyRndSatTable
003ffb2c   _IQ3mpyRndSatTable
003ffb38   _IQ2mpyRndSatTable
003ffb44   _IQ1mpyRndSatTable
003ffb50   _IQmpyRndSatTableEnd
ffffffff   ___binit__
ffffffff   ___c_args__
ffffffff   ___pinit__
ffffffff   binit
ffffffff   pinit

[330 symbols]
